.ui-tabs{padding:0}.mobile-nav-select.input-container{margin-bottom:20px}.mobile-nav-select.input-container.bordered{background-color:#f53;padding:20px 0;border-top:1px solid #eee;border-bottom:1px solid #bee}.mobile-nav-select.input-container.wide{margin-right:-10px;margin-left:-10px;padding-top:10px;padding-bottom:10px}.mobile-nav-select.input-container .custom-select .jq-selectbox__select{background-color:#fff;color:#006564;font-weight:600}
