.ui-tabs{padding:0}.mobile-nav-select.input-container{margin-bottom:20px}.mobile-nav-select.input-container.bordered{background-color:#f53;padding:20px 0;border-top:1px solid peru;border-bottom:1px solid #bbe1ee}.mobile-nav-select.input-container.wide{margin:10px -10px}.mobile-nav-select.input-container .custom-select .jq-selectbox__select{background-color:plum;color:tan;font-weight:600}
