Рыбалка
-ГлавноеМеню
--ЗимняяРыбалка
--РыболовныеНаборы
--ПодаркиРыболовам
--ЗимняяРыбалка
--Удилища
--Катушки
--Приманки
--Оснастка
--ЛескаИШнуры
--ОдеждаИОбувь
--Снаряжение
--Аксессуары
--Ароматика
--ЖиваяНасадка
--Прикормки
-ПоВидамЛовли
--Джеркбейт
--Карпфишинг
--ЛовляНаСпиннинг
--ЛовляНаФидер
--Нахлыст
--ПоплавочнаяУдочка
-ПоВидамРыб
--ЛовляГолавля
--ЛовляКарася
--ЛовляКарпаИСазана
--ЛовляЛеща
--ЛовляОкуня
--ЛовляПлотвы
--ЛовляСома
--ЛовляСудака
--ЛовляФорели
--ЛовляЩуки
Туризм
-ОсновноеМеню
--ПалаткиИШатры
--СпальныеМешки
--Коврики
--КемпинговаяМебель
--СумкиИРюкзаки
--ПосудаИСтоловыеПриборы
--ТермосыИТермокружки
--ГазовоеОборудование
--Мангалы,Коптильни
--Аксессуары
--СредстваОтКомаров
--Фонари
--Электричество
Водомоторика
-ГлавноеМеню
--Аксессуары
--БензиновыеМоторы
--Гермосумки
--КомплектыЛодка+Мотор
--Лодки
--Спасжилеты
--Электромоторы
--Электроника
--Якоря
Доставка
Контакты
